// Jest Snapshot v1, https://goo.gl/fbAQLP

exports[`DidList screen should render DidList screen 1`] = `
<View
  style={
    Array [
      Object {
        "backgroundColor": "#fff",
      },
      undefined,
    ]
  }
/>
`;
