// Jest Snapshot v1, https://goo.gl/fbAQLP

exports[`NetworkAuth should render NetworkAuth screen 1`] = `
<View
  onLayout={[Function]}
>
  <View
    style={
      Array [
        Object {
          "height": "100%",
          "marginLeft": 25,
          "marginRight": 25,
          "marginTop": 15,
          "paddingBottom": 35,
        },
      ]
    }
  >
    <View
      collapsable={false}
      style={
        Object {
          "backgroundColor": "transparent",
          "borderRadius": 20,
          "marginBottom": "6%",
          "marginLeft": "-1%",
          "marginTop": "5%",
          "shadowColor": "#000",
          "shadowOffset": Object {
            "height": 0,
            "width": 0,
          },
          "shadowOpacity": 0,
          "shadowRadius": 0,
          "width": "22%",
        }
      }
      testID="button-container-outer-layer"
    >
      <View
        collapsable={false}
        style={
          Object {
            "backgroundColor": "transparent",
            "borderColor": "transparent",
            "borderRadius": 20,
            "borderStyle": "solid",
            "borderWidth": 0,
            "flex": undefined,
            "minWidth": 64,
            "shadowColor": "#000",
            "shadowOffset": Object {
              "height": 0,
              "width": 0,
            },
            "shadowOpacity": 0,
            "shadowRadius": 0,
          }
        }
        testID="button-container"
      >
        <View
          accessibilityRole="button"
          accessibilityState={
            Object {
              "disabled": false,
            }
          }
          accessible={true}
          collapsable={false}
          focusable={true}
          onBlur={[Function]}
          onClick={[Function]}
          onFocus={[Function]}
          onResponderGrant={[Function]}
          onResponderMove={[Function]}
          onResponderRelease={[Function]}
          onResponderTerminate={[Function]}
          onResponderTerminationRequest={[Function]}
          onStartShouldSetResponder={[Function]}
          style={
            Array [
              Object {
                "overflow": "hidden",
              },
              Object {
                "borderRadius": 20,
              },
            ]
          }
          testID="button"
        >
          <View
            style={
              Array [
                Object {
                  "alignItems": "center",
                  "flexDirection": "row",
                  "justifyContent": "center",
                },
                undefined,
              ]
            }
          >
            <View
              style={
                Array [
                  Object {
                    "marginLeft": 12,
                    "marginRight": -4,
                  },
                  Object {
                    "marginLeft": 16,
                    "marginRight": -16,
                  },
                  Object {
                    "marginLeft": 12,
                    "marginRight": -8,
                  },
                ]
              }
              testID="button-icon-container"
            >
              <Text />
            </View>
            <Text
              numberOfLines={1}
              selectable={false}
              style={
                Array [
                  Object {
                    "textAlign": "left",
                  },
                  Object {
                    "color": "rgba(28, 27, 31, 1)",
                    "writingDirection": "ltr",
                  },
                  Array [
                    Object {
                      "fontFamily": "System",
                      "fontSize": 14,
                      "fontWeight": "500",
                      "letterSpacing": 0.1,
                      "lineHeight": 20,
                    },
                    Array [
                      Object {
                        "marginHorizontal": 16,
                        "marginVertical": 9,
                        "textAlign": "center",
                      },
                      false,
                      Object {
                        "marginHorizontal": 16,
                      },
                      undefined,
                      false,
                      Object {
                        "color": "rgba(103, 80, 164, 1)",
                        "fontFamily": "System",
                        "fontSize": 14,
                        "fontWeight": "500",
                        "letterSpacing": 0.1,
                        "lineHeight": 20,
                      },
                      Object {
                        "color": "#eb5b5b",
                      },
                    ],
                  ],
                ]
              }
              testID="button-text"
            >
              GO_BACK
            </Text>
          </View>
        </View>
      </View>
    </View>
    <Text
      bold={true}
      className="sc-bcXHqe sc-hLBbgP sc-gKPRtg kFXtiY RwpaV"
      fontFamily="Montserrat"
      style={
        Array [
          Object {
            "textAlign": "left",
          },
          Object {
            "color": "rgba(28, 27, 31, 1)",
            "fontFamily": "System",
            "fontWeight": "400",
            "letterSpacing": 0,
          },
          Object {
            "writingDirection": "ltr",
          },
          undefined,
        ]
      }
      testID="title"
    >
      TITLE
    </Text>
    <Text
      className="sc-bcXHqe sc-dkrFOg sc-iBYQkv laZgtI bNRHGr htBlcA"
      style={
        Array [
          Object {
            "textAlign": "left",
          },
          Object {
            "color": "rgba(28, 27, 31, 1)",
            "fontFamily": "System",
            "fontWeight": "400",
            "letterSpacing": 0,
          },
          Object {
            "writingDirection": "ltr",
          },
          undefined,
        ]
      }
    >
      SUBTITLE
    </Text>
    <View
      style={
        Array [
          Object {
            "alignItems": "center",
            "flexDirection": "row",
            "justifyContent": "flex-start",
            "paddingTop": "5%",
          },
        ]
      }
    >
      <View
        accessibilityLiveRegion="polite"
        accessibilityRole="checkbox"
        accessibilityState={
          Object {
            "checked": false,
            "disabled": false,
          }
        }
        accessible={true}
        collapsable={false}
        color="#363d58"
        containerStyle={
          Object {
            "marginHorizontal": 5,
            "padding": 4,
          }
        }
        focusable={true}
        forwardedComponent={
          Object {
            "$$typeof": Symbol(react.forward_ref),
            "attrs": Array [
              [Function],
              [Function],
            ],
            "inlineStyle": InlineStyle {
              "rules": Array [
                "
	font-size: 14px;
	font-weight: normal;
	font-family: ",
                "Muli",
                ";
	border-width: 1px;
",
                "",
              ],
            },
            "render": [Function],
            "shouldForwardProp": undefined,
            "styledComponentId": "StyledNativeComponent",
            "target": [Function],
            "withComponent": [Function],
          }
        }
        forwardedRef={null}
        onBlur={[Function]}
        onClick={[Function]}
        onFocus={[Function]}
        onResponderGrant={[Function]}
        onResponderMove={[Function]}
        onResponderRelease={[Function]}
        onResponderTerminate={[Function]}
        onResponderTerminationRequest={[Function]}
        onStartShouldSetResponder={[Function]}
        style={
          Array [
            Object {
              "overflow": "hidden",
            },
            Object {
              "borderRadius": 18,
              "height": 36,
              "padding": 6,
              "width": 36,
            },
          ]
        }
      >
        <View
          collapsable={false}
          style={
            Object {
              "transform": Array [
                Object {
                  "scale": 1,
                },
              ],
            }
          }
        >
          <Text />
          <View
            style={
              Array [
                Object {
                  "bottom": 0,
                  "left": 0,
                  "position": "absolute",
                  "right": 0,
                  "top": 0,
                },
                Object {
                  "alignItems": "center",
                  "justifyContent": "center",
                },
              ]
            }
          >
            <View
              collapsable={false}
              style={
                Object {
                  "borderColor": "rgba(73, 69, 79, 1)",
                  "borderWidth": 0,
                  "height": 14,
                  "width": 14,
                }
              }
            />
          </View>
        </View>
      </View>
      <View>
        <Text
          style={
            Array [
              Object {
                "textAlign": "left",
              },
              Object {
                "color": "rgba(28, 27, 31, 1)",
                "fontFamily": "System",
                "fontWeight": "400",
                "letterSpacing": 0,
              },
              Object {
                "writingDirection": "ltr",
              },
              Object {
                "fontWeight": "bold",
              },
            ]
          }
        >
          CHECKBOX_ALASTRIA
        </Text>
        <Text
          style={
            Array [
              Object {
                "textAlign": "left",
              },
              Object {
                "color": "rgba(28, 27, 31, 1)",
                "fontFamily": "System",
                "fontWeight": "400",
                "letterSpacing": 0,
              },
              Object {
                "writingDirection": "ltr",
              },
              undefined,
            ]
          }
        >
          CHECKBOX_ALASTRIA_SUB
        </Text>
      </View>
    </View>
    <View
      style={
        Array [
          Object {
            "alignItems": "center",
            "flexDirection": "row",
            "justifyContent": "flex-start",
            "paddingTop": "5%",
          },
        ]
      }
    >
      <View
        accessibilityLiveRegion="polite"
        accessibilityRole="checkbox"
        accessibilityState={
          Object {
            "checked": false,
            "disabled": false,
          }
        }
        accessible={true}
        collapsable={false}
        color="#363d58"
        containerStyle={
          Object {
            "marginHorizontal": 5,
            "padding": 4,
          }
        }
        focusable={true}
        forwardedComponent={
          Object {
            "$$typeof": Symbol(react.forward_ref),
            "attrs": Array [
              [Function],
              [Function],
            ],
            "inlineStyle": InlineStyle {
              "rules": Array [
                "
	font-size: 14px;
	font-weight: normal;
	font-family: ",
                "Muli",
                ";
	border-width: 1px;
",
                "",
              ],
            },
            "render": [Function],
            "shouldForwardProp": undefined,
            "styledComponentId": "StyledNativeComponent",
            "target": [Function],
            "withComponent": [Function],
          }
        }
        forwardedRef={null}
        onBlur={[Function]}
        onClick={[Function]}
        onFocus={[Function]}
        onResponderGrant={[Function]}
        onResponderMove={[Function]}
        onResponderRelease={[Function]}
        onResponderTerminate={[Function]}
        onResponderTerminationRequest={[Function]}
        onStartShouldSetResponder={[Function]}
        style={
          Array [
            Object {
              "overflow": "hidden",
            },
            Object {
              "borderRadius": 18,
              "height": 36,
              "padding": 6,
              "width": 36,
            },
          ]
        }
      >
        <View
          collapsable={false}
          style={
            Object {
              "transform": Array [
                Object {
                  "scale": 1,
                },
              ],
            }
          }
        >
          <Text />
          <View
            style={
              Array [
                Object {
                  "bottom": 0,
                  "left": 0,
                  "position": "absolute",
                  "right": 0,
                  "top": 0,
                },
                Object {
                  "alignItems": "center",
                  "justifyContent": "center",
                },
              ]
            }
          >
            <View
              collapsable={false}
              style={
                Object {
                  "borderColor": "rgba(73, 69, 79, 1)",
                  "borderWidth": 0,
                  "height": 14,
                  "width": 14,
                }
              }
            />
          </View>
        </View>
      </View>
      <View>
        <Text
          style={
            Array [
              Object {
                "textAlign": "left",
              },
              Object {
                "color": "rgba(28, 27, 31, 1)",
                "fontFamily": "System",
                "fontWeight": "400",
                "letterSpacing": 0,
              },
              Object {
                "writingDirection": "ltr",
              },
              Object {
                "fontWeight": "bold",
              },
            ]
          }
        >
          CHECKBOX_LACCHAIN
        </Text>
        <Text
          style={
            Array [
              Object {
                "textAlign": "left",
              },
              Object {
                "color": "rgba(28, 27, 31, 1)",
                "fontFamily": "System",
                "fontWeight": "400",
                "letterSpacing": 0,
              },
              Object {
                "writingDirection": "ltr",
              },
              undefined,
            ]
          }
        >
          CHECKBOX_LACCHAIN_SUB
        </Text>
      </View>
    </View>
    <View
      style={
        Array [
          Object {
            "alignItems": "center",
            "flexDirection": "row",
            "justifyContent": "flex-start",
            "paddingTop": "5%",
          },
        ]
      }
    >
      <View
        accessibilityLiveRegion="polite"
        accessibilityRole="checkbox"
        accessibilityState={
          Object {
            "checked": false,
            "disabled": false,
          }
        }
        accessible={true}
        collapsable={false}
        color="#363d58"
        containerStyle={
          Object {
            "marginHorizontal": 5,
            "padding": 4,
          }
        }
        focusable={true}
        forwardedComponent={
          Object {
            "$$typeof": Symbol(react.forward_ref),
            "attrs": Array [
              [Function],
              [Function],
            ],
            "inlineStyle": InlineStyle {
              "rules": Array [
                "
	font-size: 14px;
	font-weight: normal;
	font-family: ",
                "Muli",
                ";
	border-width: 1px;
",
                "",
              ],
            },
            "render": [Function],
            "shouldForwardProp": undefined,
            "styledComponentId": "StyledNativeComponent",
            "target": [Function],
            "withComponent": [Function],
          }
        }
        forwardedRef={null}
        onBlur={[Function]}
        onClick={[Function]}
        onFocus={[Function]}
        onResponderGrant={[Function]}
        onResponderMove={[Function]}
        onResponderRelease={[Function]}
        onResponderTerminate={[Function]}
        onResponderTerminationRequest={[Function]}
        onStartShouldSetResponder={[Function]}
        style={
          Array [
            Object {
              "overflow": "hidden",
            },
            Object {
              "borderRadius": 18,
              "height": 36,
              "padding": 6,
              "width": 36,
            },
          ]
        }
      >
        <View
          collapsable={false}
          style={
            Object {
              "transform": Array [
                Object {
                  "scale": 1,
                },
              ],
            }
          }
        >
          <Text />
          <View
            style={
              Array [
                Object {
                  "bottom": 0,
                  "left": 0,
                  "position": "absolute",
                  "right": 0,
                  "top": 0,
                },
                Object {
                  "alignItems": "center",
                  "justifyContent": "center",
                },
              ]
            }
          >
            <View
              collapsable={false}
              style={
                Object {
                  "borderColor": "rgba(73, 69, 79, 1)",
                  "borderWidth": 0,
                  "height": 14,
                  "width": 14,
                }
              }
            />
          </View>
        </View>
      </View>
      <View>
        <Text
          style={
            Array [
              Object {
                "textAlign": "left",
              },
              Object {
                "color": "rgba(28, 27, 31, 1)",
                "fontFamily": "System",
                "fontWeight": "400",
                "letterSpacing": 0,
              },
              Object {
                "writingDirection": "ltr",
              },
              Object {
                "fontWeight": "bold",
              },
            ]
          }
        >
          CHECKBOX_EBSI
        </Text>
        <Text
          style={
            Array [
              Object {
                "textAlign": "left",
              },
              Object {
                "color": "rgba(28, 27, 31, 1)",
                "fontFamily": "System",
                "fontWeight": "400",
                "letterSpacing": 0,
              },
              Object {
                "writingDirection": "ltr",
              },
              undefined,
            ]
          }
        >
          CHECKBOX_EBSI_SUB
        </Text>
      </View>
    </View>
    <Text
      className="sc-bcXHqe sc-dkrFOg sc-iBYQkv laZgtI bNRHGr htBlcA"
      style={
        Array [
          Object {
            "textAlign": "left",
          },
          Object {
            "color": "rgba(28, 27, 31, 1)",
            "fontFamily": "System",
            "fontWeight": "400",
            "letterSpacing": 0,
          },
          Object {
            "writingDirection": "ltr",
          },
          undefined,
        ]
      }
    >
      FOOTER_TEXT
    </Text>
    <View
      style={
        Array [
          Object {
            "alignItems": "center",
            "flexBasis": 0,
            "flexGrow": 1,
            "flexShrink": 1,
            "justifyContent": "flex-end",
            "marginBottom": 40,
            "marginLeft": "auto",
            "marginRight": "auto",
            "marginTop": 20,
            "width": "100%",
          },
        ]
      }
    >
      <View
        collapsable={false}
        style={
          Object {
            "backgroundColor": "transparent",
            "borderRadius": 20,
            "shadowColor": "#000",
            "shadowOffset": Object {
              "height": 0,
              "width": 0,
            },
            "shadowOpacity": 0,
            "shadowRadius": 0,
          }
        }
        testID="create-did-button-container-outer-layer"
      >
        <View
          collapsable={false}
          style={
            Object {
              "backgroundColor": "transparent",
              "borderColor": "transparent",
              "borderRadius": 20,
              "borderStyle": "solid",
              "borderWidth": 0,
              "flex": undefined,
              "minWidth": 64,
              "shadowColor": "#000",
              "shadowOffset": Object {
                "height": 0,
                "width": 0,
              },
              "shadowOpacity": 0,
              "shadowRadius": 0,
            }
          }
          testID="create-did-button-container"
        >
          <View
            accessibilityRole="button"
            accessibilityState={
              Object {
                "disabled": false,
              }
            }
            accessible={true}
            collapsable={false}
            focusable={true}
            onBlur={[Function]}
            onClick={[Function]}
            onFocus={[Function]}
            onResponderGrant={[Function]}
            onResponderMove={[Function]}
            onResponderRelease={[Function]}
            onResponderTerminate={[Function]}
            onResponderTerminationRequest={[Function]}
            onStartShouldSetResponder={[Function]}
            style={
              Array [
                Object {
                  "overflow": "hidden",
                },
                Object {
                  "borderRadius": 20,
                },
              ]
            }
            testID="create-did-button"
          >
            <View
              style={
                Array [
                  Object {
                    "alignItems": "center",
                    "flexDirection": "row",
                    "justifyContent": "center",
                  },
                  Object {
                    "backgroundColor": "#eb5b5b",
                    "borderRadius": 15,
                    "fontFamily": "Muli",
                    "height": 39,
                    "width": 224,
                  },
                ]
              }
            >
              <Text
                numberOfLines={1}
                selectable={false}
                style={
                  Array [
                    Object {
                      "textAlign": "left",
                    },
                    Object {
                      "color": "rgba(28, 27, 31, 1)",
                      "writingDirection": "ltr",
                    },
                    Array [
                      Object {
                        "fontFamily": "System",
                        "fontSize": 14,
                        "fontWeight": "500",
                        "letterSpacing": 0.1,
                        "lineHeight": 20,
                      },
                      Array [
                        Object {
                          "marginHorizontal": 16,
                          "marginVertical": 9,
                          "textAlign": "center",
                        },
                        false,
                        Object {
                          "marginHorizontal": 12,
                        },
                        undefined,
                        false,
                        Object {
                          "color": "rgba(103, 80, 164, 1)",
                          "fontFamily": "System",
                          "fontSize": 14,
                          "fontWeight": "500",
                          "letterSpacing": 0.1,
                          "lineHeight": 20,
                        },
                        Object {
                          "color": "#000",
                          "fontFamily": "Muli",
                          "letterSpacing": 0.57,
                        },
                      ],
                    ],
                  ]
                }
                testID="create-did-button-text"
              >
                CONTINUE
              </Text>
            </View>
          </View>
        </View>
      </View>
    </View>
  </View>
</View>
`;
